test_images/-ZR5Z9Cq3A6Qh2Wa3WNwkA.jpg test_labels/-ZR5Z9Cq3A6Qh2Wa3WNwkA.png
test_images/-Zvdb_5UjlrZKZiggHPHKg.jpg test_labels/-Zvdb_5UjlrZKZiggHPHKg.png
test_images/-zPvF4S1w3onLQrDwlV5GQ.jpg test_labels/-zPvF4S1w3onLQrDwlV5GQ.png
test_images/-zUs4Y0w8pLVk3n5itWx8w.jpg test_labels/-zUs4Y0w8pLVk3n5itWx8w.png
test_images/-zZvqUIoMscnxGRg_b6AWA.jpg test_labels/-zZvqUIoMscnxGRg_b6AWA.png
test_images/Z-S8P3jkggGUP9W8YZKLvA.jpg test_labels/Z-S8P3jkggGUP9W8YZKLvA.png
test_images/Z-wnkzq1vwW78kqHqnQZ8w.jpg test_labels/Z-wnkzq1vwW78kqHqnQZ8w.png
test_images/ZOEFoESIjHDY_ysO2s75Jw.jpg test_labels/ZOEFoESIjHDY_ysO2s75Jw.png
test_images/ZOo4iYq7CI96h3-quFJQYw.jpg test_labels/ZOo4iYq7CI96h3-quFJQYw.png
test_images/ZPJBQx6ncVXBlD79Eb7-RA.jpg test_labels/ZPJBQx6ncVXBlD79Eb7-RA.png
test_images/ZPjjPLTFG060CS-D6fBKxQ.jpg test_labels/ZPjjPLTFG060CS-D6fBKxQ.png
test_images/ZPt8YHEJWAHTFwEJ3LmYjQ.jpg test_labels/ZPt8YHEJWAHTFwEJ3LmYjQ.png
test_images/ZPxoutUBCr2rND3WTlS2Kw.jpg test_labels/ZPxoutUBCr2rND3WTlS2Kw.png
test_images/ZQQd17Zn80UvFr1vFP_JLA.jpg test_labels/ZQQd17Zn80UvFr1vFP_JLA.png
test_images/ZQR8op5YIMYzhPMZp2PSrQ.jpg test_labels/ZQR8op5YIMYzhPMZp2PSrQ.png
test_images/ZQRavGiKCi6a9ZuQR-lZnw.jpg test_labels/ZQRavGiKCi6a9ZuQR-lZnw.png
test_images/ZQaup3K5TDjxJkwP9MIs6g.jpg test_labels/ZQaup3K5TDjxJkwP9MIs6g.png
test_images/ZQeyKMfFFr9-ISiMzGESHQ.jpg test_labels/ZQeyKMfFFr9-ISiMzGESHQ.png
test_images/ZQtvRGDhro5n78D5_wDizg.jpg test_labels/ZQtvRGDhro5n78D5_wDizg.png
test_images/ZR1Te5lSc8I8LAY07TH_HQ.jpg test_labels/ZR1Te5lSc8I8LAY07TH_HQ.png
test_images/ZRJFX8E6ls076pkO1-_mqg.jpg test_labels/ZRJFX8E6ls076pkO1-_mqg.png
test_images/ZRd8XAwVgxvQAUrASmfBsA.jpg test_labels/ZRd8XAwVgxvQAUrASmfBsA.png
test_images/ZReUxTgnavhoEd17nnxKMQ.jpg test_labels/ZReUxTgnavhoEd17nnxKMQ.png
test_images/ZS2KLyMTajNnUHnPcR3g_Q.jpg test_labels/ZS2KLyMTajNnUHnPcR3g_Q.png
test_images/ZS6LkO-qDeqxZnNo3xTJEg.jpg test_labels/ZS6LkO-qDeqxZnNo3xTJEg.png
test_images/ZS9IGdT0X-0RFwzQ3CQATA.jpg test_labels/ZS9IGdT0X-0RFwzQ3CQATA.png
test_images/ZSXBBqi9UJdQvJRn3zhkqA.jpg test_labels/ZSXBBqi9UJdQvJRn3zhkqA.png
test_images/ZSqrxbSMv3Z_4zAYMV2XRw.jpg test_labels/ZSqrxbSMv3Z_4zAYMV2XRw.png
test_images/ZTMsbSA18HydLo1p60E-3w.jpg test_labels/ZTMsbSA18HydLo1p60E-3w.png
test_images/ZTVRYL_tkuxSR5DoE5WC4g.jpg test_labels/ZTVRYL_tkuxSR5DoE5WC4g.png
test_images/ZTXZfLAG-ZbNRnM2vwIZqA.jpg test_labels/ZTXZfLAG-ZbNRnM2vwIZqA.png
test_images/ZTgQNb9lB0_HIgX9cdhomg.jpg test_labels/ZTgQNb9lB0_HIgX9cdhomg.png
test_images/ZTopP1eR752fRRtkVdsK0A.jpg test_labels/ZTopP1eR752fRRtkVdsK0A.png
test_images/ZU0XRtoL3GT5er1ajci9GA.jpg test_labels/ZU0XRtoL3GT5er1ajci9GA.png
test_images/ZU50fJ8z0gF_r70fYinACg.jpg test_labels/ZU50fJ8z0gF_r70fYinACg.png
test_images/ZU58IGGtuheK9JzC1Hx3dg.jpg test_labels/ZU58IGGtuheK9JzC1Hx3dg.png
test_images/ZU7aRLI_PbvB1y_203MWVA.jpg test_labels/ZU7aRLI_PbvB1y_203MWVA.png
test_images/ZUO7DE74rsmz-HOwYScNFw.jpg test_labels/ZUO7DE74rsmz-HOwYScNFw.png
test_images/ZUi0VFtm9FnPxKgEswEDug.jpg test_labels/ZUi0VFtm9FnPxKgEswEDug.png
test_images/ZUtVQW3AWOeKpnUv9zjsQw.jpg test_labels/ZUtVQW3AWOeKpnUv9zjsQw.png
test_images/ZVNQa-fLdCKJGByZGRSU_Q.jpg test_labels/ZVNQa-fLdCKJGByZGRSU_Q.png
test_images/ZVc5bM8Wr6bT2TAIhY7E3Q.jpg test_labels/ZVc5bM8Wr6bT2TAIhY7E3Q.png
test_images/ZVciXcbVZ4XpsWFBrMQf8A.jpg test_labels/ZVciXcbVZ4XpsWFBrMQf8A.png
test_images/ZVdOOY-_28JFulCE4EQgHw.jpg test_labels/ZVdOOY-_28JFulCE4EQgHw.png
test_images/ZVfY_-m8l0c6i8e16txqPw.jpg test_labels/ZVfY_-m8l0c6i8e16txqPw.png
test_images/ZVx9PFuU4yAZGUSriLz8bQ.jpg test_labels/ZVx9PFuU4yAZGUSriLz8bQ.png
test_images/ZWbLzJrG6NFRCiOSgDz8kw.jpg test_labels/ZWbLzJrG6NFRCiOSgDz8kw.png
test_images/ZWdRPLMwoZIqv2pFmQem5Q.jpg test_labels/ZWdRPLMwoZIqv2pFmQem5Q.png
test_images/ZWe4tk46PHK59WNE9_LU0w.jpg test_labels/ZWe4tk46PHK59WNE9_LU0w.png
test_images/ZWeEvOdBa4V9luzj0skgbw.jpg test_labels/ZWeEvOdBa4V9luzj0skgbw.png
test_images/ZWm6zSWASTQyemT7ojDXZA.jpg test_labels/ZWm6zSWASTQyemT7ojDXZA.png
test_images/ZWw3vPJ7vDeaLQcqOpTZXg.jpg test_labels/ZWw3vPJ7vDeaLQcqOpTZXg.png
test_images/ZXCMXZag6jWd3IlMw71-Sg.jpg test_labels/ZXCMXZag6jWd3IlMw71-Sg.png
test_images/ZYN4ba19y-RJ-9wOWycNHw.jpg test_labels/ZYN4ba19y-RJ-9wOWycNHw.png
test_images/ZYj8BYpfmQ6ACWI1glxBKQ.jpg test_labels/ZYj8BYpfmQ6ACWI1glxBKQ.png
test_images/ZYz3W4lkMVSl1G3Dq2pv-A.jpg test_labels/ZYz3W4lkMVSl1G3Dq2pv-A.png
test_images/ZYzSNhcyOArlWllmX6y9Hg.jpg test_labels/ZYzSNhcyOArlWllmX6y9Hg.png
test_images/Z_RI4lGcibFjaS9iRwbhGg.jpg test_labels/Z_RI4lGcibFjaS9iRwbhGg.png
test_images/Z_Y4sgb0rVq0h9SQ429b2w.jpg test_labels/Z_Y4sgb0rVq0h9SQ429b2w.png
test_images/Z_r3n7H3BI-WGpi7jtlwAA.jpg test_labels/Z_r3n7H3BI-WGpi7jtlwAA.png
test_images/ZoHpyaUL3KMbuo-arG4i3g.jpg test_labels/ZoHpyaUL3KMbuo-arG4i3g.png
test_images/ZoMbm22JGKO4fTQHU6LHfQ.jpg test_labels/ZoMbm22JGKO4fTQHU6LHfQ.png
test_images/ZoZip4Ugb4s-12m7NWuRoA.jpg test_labels/ZoZip4Ugb4s-12m7NWuRoA.png
test_images/ZoyQNNkN8gnwB6BvoiiaQQ.jpg test_labels/ZoyQNNkN8gnwB6BvoiiaQQ.png
test_images/ZpYGtbZjqXtQqGEAjBq-rg.jpg test_labels/ZpYGtbZjqXtQqGEAjBq-rg.png
test_images/Zp_gr-lYcZMKGrdz5LlbGA.jpg test_labels/Zp_gr-lYcZMKGrdz5LlbGA.png
test_images/ZpgCh6Dv_lHheS3UhlGmtg.jpg test_labels/ZpgCh6Dv_lHheS3UhlGmtg.png
test_images/Zq7ZcBeT_Qq_eYBaUScEvw.jpg test_labels/Zq7ZcBeT_Qq_eYBaUScEvw.png
test_images/ZqPQ4iaH-cEuqbmr5S5PpQ.jpg test_labels/ZqPQ4iaH-cEuqbmr5S5PpQ.png
test_images/ZqSUb0d_U2Kvqyd0vPe3wA.jpg test_labels/ZqSUb0d_U2Kvqyd0vPe3wA.png
test_images/ZqhT7jplYLl-sLf-ivZUBg.jpg test_labels/ZqhT7jplYLl-sLf-ivZUBg.png
test_images/ZqyLkoG9GEGG9tntQMkosA.jpg test_labels/ZqyLkoG9GEGG9tntQMkosA.png
test_images/Zr9d7OtMhqvL-Pr3kBIJdQ.jpg test_labels/Zr9d7OtMhqvL-Pr3kBIJdQ.png
test_images/ZrlZhO9u4wRqFz9Ik8ZInQ.jpg test_labels/ZrlZhO9u4wRqFz9Ik8ZInQ.png
test_images/ZrmuuDPn_XquYVLzIGjLpQ.jpg test_labels/ZrmuuDPn_XquYVLzIGjLpQ.png
test_images/Zry2DglsE_nz86V7xEFY_w.jpg test_labels/Zry2DglsE_nz86V7xEFY_w.png
test_images/ZrylLnosonk3DSVrJS7W0Q.jpg test_labels/ZrylLnosonk3DSVrJS7W0Q.png
test_images/Zs5k0h3HF7r4uPvs7-ANIQ.jpg test_labels/Zs5k0h3HF7r4uPvs7-ANIQ.png
test_images/ZsIUIO7QcyRtKBtPMDqnjA.jpg test_labels/ZsIUIO7QcyRtKBtPMDqnjA.png
test_images/ZsWNe_Oy7hlHaplQd_9MTQ.jpg test_labels/ZsWNe_Oy7hlHaplQd_9MTQ.png
test_images/Zs_ZHIl_xYURft9w0ApZIw.jpg test_labels/Zs_ZHIl_xYURft9w0ApZIw.png
test_images/Zsbp1QnTuKPe8Lbdj4o5EQ.jpg test_labels/Zsbp1QnTuKPe8Lbdj4o5EQ.png
test_images/Zsp_O9MBjlX_ewycg9rraQ.jpg test_labels/Zsp_O9MBjlX_ewycg9rraQ.png
test_images/Zsrw-qbcK5fWxg7lijb4kQ.jpg test_labels/Zsrw-qbcK5fWxg7lijb4kQ.png
test_images/Zt8rRn7a0GNno-x5q2EcZg.jpg test_labels/Zt8rRn7a0GNno-x5q2EcZg.png
test_images/ZtR3gFgylahCS0iaYyXMSg.jpg test_labels/ZtR3gFgylahCS0iaYyXMSg.png
test_images/ZtWCCvmvXZhE2oE1vPJvFg.jpg test_labels/ZtWCCvmvXZhE2oE1vPJvFg.png
test_images/ZtiSVSAD0FbzEmDsVsQJXQ.jpg test_labels/ZtiSVSAD0FbzEmDsVsQJXQ.png
test_images/Ztr357uqu07qDJVIL5qtBw.jpg test_labels/Ztr357uqu07qDJVIL5qtBw.png
test_images/ZuA6t4k58swnvWsySKdihg.jpg test_labels/ZuA6t4k58swnvWsySKdihg.png
test_images/ZuOAw9O_85uUHdyP1Y6vdg.jpg test_labels/ZuOAw9O_85uUHdyP1Y6vdg.png
test_images/ZvGaW2ffRk4l4PpfsfyvnQ.jpg test_labels/ZvGaW2ffRk4l4PpfsfyvnQ.png
test_images/Zw0T11sYXQFiOxUxTvVG5g.jpg test_labels/Zw0T11sYXQFiOxUxTvVG5g.png
test_images/Zw1MHAWOBEbcze-wGliexg.jpg test_labels/Zw1MHAWOBEbcze-wGliexg.png
test_images/ZwjPPD2AzWn8_NbRqBWhYg.jpg test_labels/ZwjPPD2AzWn8_NbRqBWhYg.png
test_images/ZwqmYedDPLKo8CClWpE0Lw.jpg test_labels/ZwqmYedDPLKo8CClWpE0Lw.png
test_images/Zx-H14QJb7GdPWwycahzqA.jpg test_labels/Zx-H14QJb7GdPWwycahzqA.png
test_images/ZxDGgapMr-SX6uDa-BD9Eg.jpg test_labels/ZxDGgapMr-SX6uDa-BD9Eg.png
test_images/ZxIsc35BwdJ_Pig09coMeQ.jpg test_labels/ZxIsc35BwdJ_Pig09coMeQ.png
test_images/ZxKANdZxZIQyrYJLK6nvog.jpg test_labels/ZxKANdZxZIQyrYJLK6nvog.png
test_images/ZxXHV8P_75Z5jWs8iI5aNg.jpg test_labels/ZxXHV8P_75Z5jWs8iI5aNg.png
test_images/Zxjv8r95a0Dzz25y9rpT4Q.jpg test_labels/Zxjv8r95a0Dzz25y9rpT4Q.png
test_images/ZxjvPp-N6IVSv6o5ZTiNlQ.jpg test_labels/ZxjvPp-N6IVSv6o5ZTiNlQ.png
test_images/ZxyVaBSJx_NE5zdXmtSARA.jpg test_labels/ZxyVaBSJx_NE5zdXmtSARA.png
test_images/ZyLMHl2pTQs_4Lt3Nj1K4A.jpg test_labels/ZyLMHl2pTQs_4Lt3Nj1K4A.png
test_images/ZyT4WYD_fj8F5e0iRRqNUA.jpg test_labels/ZyT4WYD_fj8F5e0iRRqNUA.png
test_images/ZyTE16WU7OLp3yzggErRKg.jpg test_labels/ZyTE16WU7OLp3yzggErRKg.png
test_images/Zyie9PYBfH43sRZIS0RyFA.jpg test_labels/Zyie9PYBfH43sRZIS0RyFA.png
test_images/Zze_07dgys0yVGjAjqHSqQ.jpg test_labels/Zze_07dgys0yVGjAjqHSqQ.png
test_images/ZzqOV7uuEhnmRBwg0JKfgw.jpg test_labels/ZzqOV7uuEhnmRBwg0JKfgw.png
test_images/ZzuNNbp0dkrXKgcN2hdzDw.jpg test_labels/ZzuNNbp0dkrXKgcN2hdzDw.png
test_images/_ZoXPcbr98C8I9EtCVIlYA.jpg test_labels/_ZoXPcbr98C8I9EtCVIlYA.png
test_images/_zSur36bCHAufPTWDUvtRA.jpg test_labels/_zSur36bCHAufPTWDUvtRA.png
test_images/_zyWmZg0lfs_VV3eGc3fRQ.jpg test_labels/_zyWmZg0lfs_VV3eGc3fRQ.png
test_images/z-YQiuwBhzscwVXukTiObg.jpg test_labels/z-YQiuwBhzscwVXukTiObg.png
test_images/zO2iJa82ZWUnAz3j2o18fw.jpg test_labels/zO2iJa82ZWUnAz3j2o18fw.png
test_images/zOJ9EWczWWw718w8mKYtjA.jpg test_labels/zOJ9EWczWWw718w8mKYtjA.png
test_images/zOoG2IaITROm6i87kuWuJg.jpg test_labels/zOoG2IaITROm6i87kuWuJg.png
test_images/zOyMoofVMLjaFvfstMjEcQ.jpg test_labels/zOyMoofVMLjaFvfstMjEcQ.png
test_images/zOzaSlw3JN4KzCVdyH2OnQ.jpg test_labels/zOzaSlw3JN4KzCVdyH2OnQ.png
test_images/zOzcAz0BAHRnZgpO_Hf_nQ.jpg test_labels/zOzcAz0BAHRnZgpO_Hf_nQ.png
test_images/zP1X6KBznrx1LlcMF85hEg.jpg test_labels/zP1X6KBznrx1LlcMF85hEg.png
test_images/zPAghpj78Z1dQbIYKjPScw.jpg test_labels/zPAghpj78Z1dQbIYKjPScw.png
test_images/zPi5YWIXBTQbGiwI_Rxfug.jpg test_labels/zPi5YWIXBTQbGiwI_Rxfug.png
test_images/zQ7Uy43ib4D9e6eSkOHZVQ.jpg test_labels/zQ7Uy43ib4D9e6eSkOHZVQ.png
test_images/zQY9jsZ-p1HSf0bXE1LHbQ.jpg test_labels/zQY9jsZ-p1HSf0bXE1LHbQ.png
test_images/zQgQ_fZBxBtXyC9W6s7ESg.jpg test_labels/zQgQ_fZBxBtXyC9W6s7ESg.png
test_images/zQnPJ0lmNabQOpbKJZ3n3g.jpg test_labels/zQnPJ0lmNabQOpbKJZ3n3g.png
test_images/zR8OpT3ZjLA0mrYc4SmXyw.jpg test_labels/zR8OpT3ZjLA0mrYc4SmXyw.png
test_images/zRqDVKFNznCFbemrZlcb4A.jpg test_labels/zRqDVKFNznCFbemrZlcb4A.png
test_images/zSQVnOiPWStUZ9b8WAyqGw.jpg test_labels/zSQVnOiPWStUZ9b8WAyqGw.png
test_images/zSjEvUydnoQxBEDtqIYk1w.jpg test_labels/zSjEvUydnoQxBEDtqIYk1w.png
test_images/zSxeHyfxKYhSx5f4xffHpA.jpg test_labels/zSxeHyfxKYhSx5f4xffHpA.png
test_images/zTAZcGnaOoUEPfX0ckeKmg.jpg test_labels/zTAZcGnaOoUEPfX0ckeKmg.png
test_images/zTJ_9xmutqMzmbD2xiPYPg.jpg test_labels/zTJ_9xmutqMzmbD2xiPYPg.png
test_images/zTOpBElZV7sYDKSdAITHHw.jpg test_labels/zTOpBElZV7sYDKSdAITHHw.png
test_images/zTTXYdBqBFI696E8IAtBtg.jpg test_labels/zTTXYdBqBFI696E8IAtBtg.png
test_images/zTzsO9Glhhf7C3JlAqPI2g.jpg test_labels/zTzsO9Glhhf7C3JlAqPI2g.png
test_images/zUOSNhEEsUzGoRlRl9OZzA.jpg test_labels/zUOSNhEEsUzGoRlRl9OZzA.png
test_images/zUmpHOqZRnu2eAeUBQFWkQ.jpg test_labels/zUmpHOqZRnu2eAeUBQFWkQ.png
test_images/zUpC4ZYBZSsJerrkEwz5wA.jpg test_labels/zUpC4ZYBZSsJerrkEwz5wA.png
test_images/zUvmJMg4yCC3iqPy1eQMsQ.jpg test_labels/zUvmJMg4yCC3iqPy1eQMsQ.png
test_images/zVHzbUgoWAkPV8oOZVT80Q.jpg test_labels/zVHzbUgoWAkPV8oOZVT80Q.png
test_images/zVR8331TVdQL0ehNgl_XOQ.jpg test_labels/zVR8331TVdQL0ehNgl_XOQ.png
test_images/zVWOMbaVJB9bOCjE7A4t6Q.jpg test_labels/zVWOMbaVJB9bOCjE7A4t6Q.png
test_images/zVXpupZGsnRlra-kKhSohA.jpg test_labels/zVXpupZGsnRlra-kKhSohA.png
test_images/zVYFzCe9Q8CjstKBDZtBxw.jpg test_labels/zVYFzCe9Q8CjstKBDZtBxw.png
test_images/zW2IXTP-cGQes3JQU3db9A.jpg test_labels/zW2IXTP-cGQes3JQU3db9A.png
test_images/zW4vNOOIUke7LjByacjyvg.jpg test_labels/zW4vNOOIUke7LjByacjyvg.png
test_images/zW9MH883mfu1dqxMkDB-Bg.jpg test_labels/zW9MH883mfu1dqxMkDB-Bg.png
test_images/zWBa-hzIaYN44pISSPbqQQ.jpg test_labels/zWBa-hzIaYN44pISSPbqQQ.png
test_images/zWEeddP-SSKuIHGXIF5hTg.jpg test_labels/zWEeddP-SSKuIHGXIF5hTg.png
test_images/zWHP7UZgZJxrtISK8bVm6A.jpg test_labels/zWHP7UZgZJxrtISK8bVm6A.png
test_images/zWYtMsXjDXvTjSz0BIdXgw.jpg test_labels/zWYtMsXjDXvTjSz0BIdXgw.png
test_images/zWZVI_cKyf0xN96CaV-QiA.jpg test_labels/zWZVI_cKyf0xN96CaV-QiA.png
test_images/zXE9jgp8-gwEcU8flzWJwg.jpg test_labels/zXE9jgp8-gwEcU8flzWJwg.png
test_images/zXINM7XcHiwKH86Oj_qvnQ.jpg test_labels/zXINM7XcHiwKH86Oj_qvnQ.png
test_images/zXzsAeN9sUvRFr3Oap2uqw.jpg test_labels/zXzsAeN9sUvRFr3Oap2uqw.png
test_images/zYjB14gtfsfCRpApsJO_Vg.jpg test_labels/zYjB14gtfsfCRpApsJO_Vg.png
test_images/zYmZJ19t5Fwq2_RJuwmXdw.jpg test_labels/zYmZJ19t5Fwq2_RJuwmXdw.png
test_images/zZGdSl2HznSyRA3rJPZZig.jpg test_labels/zZGdSl2HznSyRA3rJPZZig.png
test_images/zZMRu0NXEQudNpiV_O43vQ.jpg test_labels/zZMRu0NXEQudNpiV_O43vQ.png
test_images/zZ_NU2z_UyKx1pzAqutodQ.jpg test_labels/zZ_NU2z_UyKx1pzAqutodQ.png
test_images/zZbTaeMRBx0Fmdfn9Hghvg.jpg test_labels/zZbTaeMRBx0Fmdfn9Hghvg.png
test_images/zZjYKIN7hLJ9uTMsVpClNw.jpg test_labels/zZjYKIN7hLJ9uTMsVpClNw.png
test_images/zo0u0qOgxTCgyHrdzwzcNA.jpg test_labels/zo0u0qOgxTCgyHrdzwzcNA.png
test_images/zoUMSZg6ygzt649q3GM_5Q.jpg test_labels/zoUMSZg6ygzt649q3GM_5Q.png
test_images/zogUIf252PlJXCSjeeKG2g.jpg test_labels/zogUIf252PlJXCSjeeKG2g.png
test_images/zotA0NGxzDBDbfX8jGAdbg.jpg test_labels/zotA0NGxzDBDbfX8jGAdbg.png
test_images/zozRmFEaoDetiat_j-a38A.jpg test_labels/zozRmFEaoDetiat_j-a38A.png
test_images/zpOQfvo3deAc_qQK7yssjw.jpg test_labels/zpOQfvo3deAc_qQK7yssjw.png
test_images/zq1yxtSN9CpuBMKqzUsWNA.jpg test_labels/zq1yxtSN9CpuBMKqzUsWNA.png
test_images/zqJHC0TFDcMmzmk0JRHjaQ.jpg test_labels/zqJHC0TFDcMmzmk0JRHjaQ.png
test_images/zqNdgs0FtspxU9ne70BSHw.jpg test_labels/zqNdgs0FtspxU9ne70BSHw.png
test_images/zq_tGFER6HyNBTZ1zQq54g.jpg test_labels/zq_tGFER6HyNBTZ1zQq54g.png
test_images/zqs8mjqdS09NxvZKetASUA.jpg test_labels/zqs8mjqdS09NxvZKetASUA.png
test_images/zqvMKLgI8Jlh9baym3flHQ.jpg test_labels/zqvMKLgI8Jlh9baym3flHQ.png
test_images/zr9fEG-8Y7Vuu8CGJui1fw.jpg test_labels/zr9fEG-8Y7Vuu8CGJui1fw.png
test_images/zrQL7Qj0a9ypINDTW-9MXw.jpg test_labels/zrQL7Qj0a9ypINDTW-9MXw.png
test_images/zrwlWkfQHVCn3mYKo9DVUw.jpg test_labels/zrwlWkfQHVCn3mYKo9DVUw.png
test_images/zryllJQGwxq6g23RuSB-ag.jpg test_labels/zryllJQGwxq6g23RuSB-ag.png
test_images/zsNRI7KHo0zlEK6eYBXzIw.jpg test_labels/zsNRI7KHo0zlEK6eYBXzIw.png
test_images/zsOKqvbe8BVjqsa-cwJKbw.jpg test_labels/zsOKqvbe8BVjqsa-cwJKbw.png
test_images/zsh4lxqK5vWcIRSwox77pg.jpg test_labels/zsh4lxqK5vWcIRSwox77pg.png
test_images/ztaR_O637iVPndNgjR7nZA.jpg test_labels/ztaR_O637iVPndNgjR7nZA.png
test_images/ztqUrP0GdrjYxI7BKPnWLA.jpg test_labels/ztqUrP0GdrjYxI7BKPnWLA.png
test_images/zuPLHu3lo--t58VxyuYklw.jpg test_labels/zuPLHu3lo--t58VxyuYklw.png
test_images/zuYRFAtDXXMgkeR9R8IKvA.jpg test_labels/zuYRFAtDXXMgkeR9R8IKvA.png
test_images/zug0Jc6DJWNCjHPNn3cCwA.jpg test_labels/zug0Jc6DJWNCjHPNn3cCwA.png
test_images/zv3fiXUMCtPxZa6v3bYSnQ.jpg test_labels/zv3fiXUMCtPxZa6v3bYSnQ.png
test_images/zv6mtpwei5UeL6__qryYuw.jpg test_labels/zv6mtpwei5UeL6__qryYuw.png
test_images/zvYJvlYHiko7zn3VmixI4w.jpg test_labels/zvYJvlYHiko7zn3VmixI4w.png
test_images/zxQZ0wp3_HvJeinpEJKOOQ.jpg test_labels/zxQZ0wp3_HvJeinpEJKOOQ.png
test_images/zxhTgLWATypPiY13altgXA.jpg test_labels/zxhTgLWATypPiY13altgXA.png
test_images/zxo6qqGYS-dIq8Cqs9rcTw.jpg test_labels/zxo6qqGYS-dIq8Cqs9rcTw.png
test_images/zy9aE6d44_XVGX23xorNvw.jpg test_labels/zy9aE6d44_XVGX23xorNvw.png
test_images/zyKpzDexfG0QGzIK5QgISQ.jpg test_labels/zyKpzDexfG0QGzIK5QgISQ.png
test_images/zz0IZCG6x-BK9SEDSBZ3vg.jpg test_labels/zz0IZCG6x-BK9SEDSBZ3vg.png
test_images/zzhOz5HCLGgV390zmYjyjQ.jpg test_labels/zzhOz5HCLGgV390zmYjyjQ.png
test_images/zzzoOP-ywL6dy1rUFxXYmw.jpg test_labels/zzzoOP-ywL6dy1rUFxXYmw.png
